     1                                      section .data
     2                                      ; сегмент инициализированных переменных
     3 00000000 507265737320456E74-     ExitMsg db "Press Enter to Exit",10 ; выводимое сообщение
     3 00000009 657220746F20457869-
     3 00000012 740A               
     4                                  lenExit equ $-ExitMsg
     5 00000014 E2FFFFFF                A dd -30
     6 00000018 15000000                B dd 21 
     7                                      ; сегмент неинициализированных переменных
     8                                      section .bss
     9 00000000 <res Ah>                InBuf resb 10 ; буфер для вводимой строки
    10                                  lenIn equ $-InBuf
    11                                  
    12 0000000A ????????                X resd 1
    13                                  
    14                                      section .text ; сегмент кода
    15                                      global _start
    16                                  _start:
    17 00000000 8B0425[14000000]            mov    EAX,[A] ; загрузить число A в регистр EAX 
    18 00000007 83C005                      add    EAX,5   ; сложить EAX и 5, результат в EAX 
    19 0000000A 2B0425[18000000]            sub    EAX,[B] ; вычесть число B, результат в EAX 
    20 00000011 890425[0A000000]            mov    [X],EAX ; сохранить результат в памяти
    21                                      ; write
    22 00000018 B801000000                  mov rax, 1; системная функция 1 (write)
    23 0000001D BF01000000                  mov rdi, 1; дескриптор файла stdout=1
    24 00000022 48BE-                       mov rsi, ExitMsg ; адрес выводимой строки
    24 00000024 [0000000000000000] 
    25 0000002C BA14000000                  mov rdx, lenExit ; длина строки
    26                                      ; вызов системной функции
    27 00000031 0F05                        syscall
    28                                      ; read
    29 00000033 B800000000                  mov rax, 0; системная функция 0 (read)
    30 00000038 BF00000000                  mov rdi, 0; дескриптор файла stdin=0
    31 0000003D 48BE-                       mov rsi, InBuf; адрес вводимой строки
    31 0000003F [0000000000000000] 
    32 00000047 BA0A000000                  mov rdx, lenIn; длина строки
    33                                      ; вызов системной функции
    34 0000004C 0F05                        syscall
    35                                      ; exit
    36 0000004E B83C000000                  mov rax, 60; системная функция 60 (exit)
    37 00000053 4831FF                      xor rdi, rdi; return code 0
    38 00000056 0F05                        syscall
    39                                      ; вызов системной функции     
